---
source: src/parser/gs1path.rs
expression: "gs1path(\"/01/09520123456788/10/ABC1/21/12345?17=180426\")"
---
Ok(
    (
        "?17=180426",
        Gtin {
            gtin: "09520123456788",
            cpv: None,
            lot: Some(
                "ABC1",
            ),
            ser: Some(
                "12345",
            ),
        },
    ),
)
