---
source: src/parser/primitive.rs
expression: "ychar(\"#\")"
---
Err(
    Error(
        Error {
            input: "#",
            code: Tag,
        },
    ),
)
