---
source: src/parser/gs1path.rs
expression: "gs1path(\"/00/195201234567891232?02=09520123456788&37=25&10=ABC12\")"
---
Ok(
    (
        "?02=09520123456788&37=25&10=ABC12",
        Sscc(
            "195201234567891232",
        ),
    ),
)
