---
source: src/parser/gs1path.rs
expression: "gs1path(\"/8004/9520614141234567?01=09520123456788\")"
---
Ok(
    (
        "?01=09520123456788",
        Giai(
            "9520614141234567",
        ),
    ),
)
